Vivado Simulator v2024.2.0
Copyright 1986-2022 Xilinx, Inc. All Rights Reserved.
Copyright 2022-2024 Advanced Micro Devices, Inc. All Rights Reserved.
Running: D:/Vivado-25/Vivado/2024.2/bin/unwrapped/win64.o/xelab.exe --incr --debug typical --relax --mt 2 -L xil_defaultlib -L unisims_ver -L unimacro_ver -L secureip --snapshot processor_tb_behav xil_defaultlib.processor_tb xil_defaultlib.glbl -log elaborate.log 
Using 2 slave threads.
Starting static elaboration
Pass Through NonSizing Optimizer
Completed static elaboration
Starting simulation data flow analysis
Completed simulation data flow analysis
Time Resolution for simulation is 1ps
Compiling module xil_defaultlib.pc
Compiling module xil_defaultlib.adder
Compiling module xil_defaultlib.instr_mem
Compiling module xil_defaultlib.control_unit
Compiling module xil_defaultlib.reg_file
Compiling module xil_defaultlib.sign_ext
Compiling module xil_defaultlib.mux_reg_dst
Compiling module xil_defaultlib.shift_left_2_branch
Compiling module xil_defaultlib.mux_alu_src
Compiling module xil_defaultlib.alu_control
Compiling module xil_defaultlib.alu
Compiling module xil_defaultlib.data_mem
Compiling module xil_defaultlib.mux_memtoreg
Compiling module xil_defaultlib.shift_left_2_jump
Compiling module xil_defaultlib.alu_branch
Compiling module xil_defaultlib.mux_br_sel
Compiling module xil_defaultlib.mux_jump_sel
Compiling module xil_defaultlib.processor
Compiling module xil_defaultlib.processor_tb
Compiling module xil_defaultlib.glbl
Built simulation snapshot processor_tb_behav
