INFO: [VRFC 10-2263] Analyzing Verilog file "D:/Vivado-25/MIPS_SingleCycleProcessor/MIPS_SingleCycleProcessor.srcs/sources_1/new/add.v" into library xil_defaultlib
INFO: [VRFC 10-311] analyzing module adder
INFO: [VRFC 10-2263] Analyzing Verilog file "D:/Vivado-25/MIPS_SingleCycleProcessor/MIPS_SingleCycleProcessor.srcs/sources_1/new/alu.v" into library xil_defaultlib
INFO: [VRFC 10-311] analyzing module alu
INFO: [VRFC 10-2263] Analyzing Verilog file "D:/Vivado-25/MIPS_SingleCycleProcessor/MIPS_SingleCycleProcessor.srcs/sources_1/new/alub.v" into library xil_defaultlib
INFO: [VRFC 10-311] analyzing module alu_branch
INFO: [VRFC 10-2263] Analyzing Verilog file "D:/Vivado-25/MIPS_SingleCycleProcessor/MIPS_SingleCycleProcessor.srcs/sources_1/new/control_uni.v" into library xil_defaultlib
INFO: [VRFC 10-311] analyzing module control_unit
INFO: [VRFC 10-2263] Analyzing Verilog file "D:/Vivado-25/MIPS_SingleCycleProcessor/MIPS_SingleCycleProcessor.srcs/sources_1/new/dm.v" into library xil_defaultlib
INFO: [VRFC 10-311] analyzing module data_mem
INFO: [VRFC 10-2263] Analyzing Verilog file "D:/Vivado-25/MIPS_SingleCycleProcessor/MIPS_SingleCycleProcessor.srcs/sources_1/new/instr_mem.v" into library xil_defaultlib
INFO: [VRFC 10-311] analyzing module instr_mem
INFO: [VRFC 10-2263] Analyzing Verilog file "D:/Vivado-25/MIPS_SingleCycleProcessor/MIPS_SingleCycleProcessor.srcs/sources_1/new/jump.v" into library xil_defaultlib
INFO: [VRFC 10-311] analyzing module shift_left_2_jump
INFO: [VRFC 10-2263] Analyzing Verilog file "D:/Vivado-25/MIPS_SingleCycleProcessor/MIPS_SingleCycleProcessor.srcs/sources_1/new/mux.v" into library xil_defaultlib
INFO: [VRFC 10-311] analyzing module mux_reg_dst
INFO: [VRFC 10-2263] Analyzing Verilog file "D:/Vivado-25/MIPS_SingleCycleProcessor/MIPS_SingleCycleProcessor.srcs/sources_1/new/mux2.v" into library xil_defaultlib
INFO: [VRFC 10-311] analyzing module shift_left_2_branch
INFO: [VRFC 10-2263] Analyzing Verilog file "D:/Vivado-25/MIPS_SingleCycleProcessor/MIPS_SingleCycleProcessor.srcs/sources_1/new/mux3.v" into library xil_defaultlib
INFO: [VRFC 10-311] analyzing module mux_alu_src
INFO: [VRFC 10-2263] Analyzing Verilog file "D:/Vivado-25/MIPS_SingleCycleProcessor/MIPS_SingleCycleProcessor.srcs/sources_1/new/mux4.v" into library xil_defaultlib
INFO: [VRFC 10-311] analyzing module mux_memtoreg
INFO: [VRFC 10-2263] Analyzing Verilog file "D:/Vivado-25/MIPS_SingleCycleProcessor/MIPS_SingleCycleProcessor.srcs/sources_1/new/mux5.v" into library xil_defaultlib
INFO: [VRFC 10-311] analyzing module mux_br_sel
INFO: [VRFC 10-2263] Analyzing Verilog file "D:/Vivado-25/MIPS_SingleCycleProcessor/MIPS_SingleCycleProcessor.srcs/sources_1/new/muxj.v" into library xil_defaultlib
INFO: [VRFC 10-311] analyzing module mux_jump_sel
INFO: [VRFC 10-2263] Analyzing Verilog file "D:/Vivado-25/MIPS_SingleCycleProcessor/MIPS_SingleCycleProcessor.srcs/sources_1/new/pc.v" into library xil_defaultlib
INFO: [VRFC 10-311] analyzing module pc
INFO: [VRFC 10-2263] Analyzing Verilog file "D:/Vivado-25/MIPS_SingleCycleProcessor/MIPS_SingleCycleProcessor.srcs/sources_1/new/processor.v" into library xil_defaultlib
INFO: [VRFC 10-311] analyzing module processor
INFO: [VRFC 10-2263] Analyzing Verilog file "D:/Vivado-25/MIPS_SingleCycleProcessor/MIPS_SingleCycleProcessor.srcs/sources_1/new/reg_file.v" into library xil_defaultlib
INFO: [VRFC 10-311] analyzing module reg_file
INFO: [VRFC 10-2263] Analyzing Verilog file "D:/Vivado-25/MIPS_SingleCycleProcessor/MIPS_SingleCycleProcessor.srcs/sources_1/new/sign_ext.v" into library xil_defaultlib
INFO: [VRFC 10-311] analyzing module sign_ext
INFO: [VRFC 10-2263] Analyzing Verilog file "D:/Vivado-25/MIPS_SingleCycleProcessor/MIPS_SingleCycleProcessor.srcs/sources_1/new/slj.v" into library xil_defaultlib
INFO: [VRFC 10-311] analyzing module alu_control
INFO: [VRFC 10-2263] Analyzing Verilog file "D:/Vivado-25/MIPS_SingleCycleProcessor/MIPS_SingleCycleProcessor.srcs/sim_1/new/processor_tb.v" into library xil_defaultlib
INFO: [VRFC 10-311] analyzing module processor_tb
